# serializer version: 1
# name: test_migrations_apply_dry_run
  '''
  === DRY RUN MODE ===
  
  Applying 1 migration(s) to reach 'test_migration':
  
  âŠ˜ test_migration (already applied)
  
  Summary:
    Applied: 0
    Skipped: 1
    Failed: 0
  '''
# ---
# name: test_migrations_generate_no_changes
  '''
  From: latest snapshot 19ba17b377d925e17ba09aac663e8df5c37cd14509086bb061fd5a06e7945e01...
  To: current active graph (snapshot 19ba17b377d925e17ba09aac663e8df5c37cd14509086bb061fd5a06e7945e01... already recorded)
  No feature changes detected. All features up to date!
  '''
# ---
# name: test_migrations_status_empty
  'No migrations found.'
# ---
