# serializer version: 1
# name: test_snapshot_stability_with_id_columns
  dict({
    'composite': 'cb5f3fef76bf78f867996cdf517c3f1fc7013c5e0567e74c758bb5b603abb842',
    'default': '004009b2e25edda86afaa9f61efdf4dada2ce5c7ceb8b57ef4d7374ef14f59f8',
    'single_custom': 'b2c12b8f34da4b72d5fe2c2b08eede942869b7c1d623ba4ef95ab4df6e748771',
  })
# ---
